---
source: src/ui/state/default/data_loading.rs
expression: harness.backend()
---
"┌──────────────────────────────────────────────────────────────────────────────┐"
"│                           Merge Mode - Loading Data                          │"
"└──────────────────────────────────────────────────────────────────────────────┘"
"┌Progress──────────────────────────────────────────────────────────────────────┐"
"│█████████████████████████████████████70% ██████████████                       │"
"└──────────────────────────────────────────────────────────────────────────────┘"
"┌Status────────────────────────────────────────────────────────────────────────┐"
"│                        Fetching commit information...                        │"
"│                                                                              │"
"│                                                                              │"
"│                                                                              │"
"│                                                                              │"
"│                                                                              │"
"│                                                                              │"
"│                                                                              │"
"│                                                                              │"
"│                                                                              │"
"│                                                                              │"
"│                                                                              │"
"│                                                                              │"
"│                                                                              │"
"│                                                                              │"
"│                                                                              │"
"│                                                                              │"
"│                                                                              │"
"│                                                                              │"
"└──────────────────────────────────────────────────────────────────────────────┘"
"┌Help──────────────────────────────────────────────────────────────────────────┐"
"│                         Loading... Press q to cancel                         │"
"└──────────────────────────────────────────────────────────────────────────────┘"
