---
source: src/ui/state/default/data_loading.rs
assertion_line: 1819
expression: harness.backend()
---
"                                                                                                                        "
"                                                                                                                        "
"  ┌──────────────────────────────────────────────────────────────────────────────────────────────────────────────────┐  "
"  │                                               Loading Data - Error                                               │  "
"  └──────────────────────────────────────────────────────────────────────────────────────────────────────────────────┘  "
"  ┌Steps─────────────────────────────────────────────────────────────────────────────────────────────────────────────┐  "
"  │                     1 ● Fetch PRs  →  2 ○ Work Items  →  3 ○ Commit Info  →  4 ○ Dependencies                    │  "
"  └──────────────────────────────────────────────────────────────────────────────────────────────────────────────────┘  "
"  ┌Error─────────────────────────────────────────────────────────────────────────────────────────────────────────────┐  "
"  │No pull requests found matching the specified criteria.                                                           │  "
"  │                                                                                                                  │  "
"  │This might indicate:                                                                                              │  "
"  │• No PRs exist on the development branch                                                                          │  "
"  │• All PRs already have merged tags                                                                                │  "
"  │• The date filter excludes all PRs                                                                                │  "
"  │                                                                                                                  │  "
"  │Options:                                                                                                          │  "
"  │• Press 'Esc' to go back and check configuration                                                                  │  "
"  │                                                                                                                  │  "
"  │                                                                                                                  │  "
"  │                                                                                                                  │  "
"  │                                                                                                                  │  "
"  │                                                                                                                  │  "
"  │                                                                                                                  │  "
"  │                                                                                                                  │  "
"  │                                                                                                                  │  "
"  │                                                                                                                  │  "
"  │                                                                                                                  │  "
"  │                                                                                                                  │  "
"  │                                                                                                                  │  "
"  │                                                                                                                  │  "
"  │                                                                                                                  │  "
"  │                                                                                                                  │  "
"  │                                                                                                                  │  "
"  │                                                                                                                  │  "
"  │                                                                                                                  │  "
"  │                                                                                                                  │  "
"  │                                                                                                                  │  "
"  │                                                                                                                  │  "
"  │                                                                                                                  │  "
"  │                                                                                                                  │  "
"  │                                                                                                                  │  "
"  │                                                                                                                  │  "
"  │                                                                                                                  │  "
"  │                                                                                                                  │  "
"  │                                                                                                                  │  "
"  │                                                                                                                  │  "
"  └──────────────────────────────────────────────────────────────────────────────────────────────────────────────────┘  "
"                                                                                                                        "
"                                                                                                                        "
