---
source: src/ui/state/default/data_loading.rs
assertion_line: 1964
expression: harness.backend()
---
"                                                                                                                        "
"                                                                                                                        "
"  ┌──────────────────────────────────────────────────────────────────────────────────────────────────────────────────┐  "
"  │                                                   Loading Data                                                   │  "
"  └──────────────────────────────────────────────────────────────────────────────────────────────────────────────────┘  "
"  ┌Steps─────────────────────────────────────────────────────────────────────────────────────────────────────────────┐  "
"  │                     1 ✓ Fetch PRs  →  2 ✓ Work Items  →  3 ✓ Commit Info  →  4 ✓ Dependencies                    │  "
"  └──────────────────────────────────────────────────────────────────────────────────────────────────────────────────┘  "
"  ┌Current Step──────────────────────────────────────────────────────────────────────────────────────────────────────┐  "
"  │                                                                                                                  │  "
"  │                                                  Initializing...                                                 │  "
"  │                                                                                                                  │  "
"  │                                                  Please wait...                                                  │  "
"  │                                                                                                                  │  "
"  │                                                                                                                  │  "
"  │                                                                                                                  │  "
"  │                                                                                                                  │  "
"  │                                                                                                                  │  "
"  │                                                                                                                  │  "
"  │                                                                                                                  │  "
"  │                                                                                                                  │  "
"  │                                                                                                                  │  "
"  │                                                                                                                  │  "
"  │                                                                                                                  │  "
"  │                                                                                                                  │  "
"  │                                                                                                                  │  "
"  │                                                                                                                  │  "
"  │                                                                                                                  │  "
"  │                                                                                                                  │  "
"  │                                                                                                                  │  "
"  │                                                                                                                  │  "
"  │                                                                                                                  │  "
"  │                                                                                                                  │  "
"  │                                                                                                                  │  "
"  │                                                                                                                  │  "
"  │                                                                                                                  │  "
"  │                                                                                                                  │  "
"  │                                                                                                                  │  "
"  │                                                                                                                  │  "
"  │                                                                                                                  │  "
"  │                                                                                                                  │  "
"  │                                                                                                                  │  "
"  │                                                                                                                  │  "
"  │                                                                                                                  │  "
"  │                                                                                                                  │  "
"  │                                                                                                                  │  "
"  │                                                                                                                  │  "
"  └──────────────────────────────────────────────────────────────────────────────────────────────────────────────────┘  "
"                                                                                                                        "
"                                                                                                                        "
