---
source: src/ui/state/default/setup_repo.rs
assertion_line: 996
expression: harness.backend()
---
"                                                                                                                        "
"                                                                                                                        "
"  ┌──────────────────────────────────────────────────────────────────────────────────────────────────────────────────┐  "
"  │                                             Repository Setup - Error                                             │  "
"  └──────────────────────────────────────────────────────────────────────────────────────────────────────────────────┘  "
"  ┌Steps─────────────────────────────────────────────────────────────────────────────────────────────────────────────┐  "
"  │             1 ✓ Fetch Details  →  2 ● Clone Repository  →  3 ○ Create Branch  →  4 ○ Initialize State            │  "
"  └──────────────────────────────────────────────────────────────────────────────────────────────────────────────────┘  "
"  ┌Error─────────────────────────────────────────────────────────────────────────────────────────────────────────────┐  "
"  │Worktree already exists at:                                                                                       │  "
"  │/path/to/repo/.worktrees/v1.0.0                                                                                   │  "
"  │                                                                                                                  │  "
"  │This can happen if you've run this tool before or if the worktree was created elsewhere.                          │  "
"  │                                                                                                                  │  "
"  │Options:                                                                                                          │  "
"  │• Press 'r' to retry                                                                                              │  "
"  │• Press 'f' to force remove the worktree and continue                                                             │  "
"  │• Press 'Esc' to go back                                                                                          │  "
"  │                                                                                                                  │  "
"  │                                                                                                                  │  "
"  │                                                                                                                  │  "
"  │                                                                                                                  │  "
"  │                                                                                                                  │  "
"  │                                                                                                                  │  "
"  │                                                                                                                  │  "
"  │                                                                                                                  │  "
"  │                                                                                                                  │  "
"  │                                                                                                                  │  "
"  │                                                                                                                  │  "
"  │                                                                                                                  │  "
"  │                                                                                                                  │  "
"  │                                                                                                                  │  "
"  │                                                                                                                  │  "
"  │                                                                                                                  │  "
"  │                                                                                                                  │  "
"  │                                                                                                                  │  "
"  │                                                                                                                  │  "
"  │                                                                                                                  │  "
"  │                                                                                                                  │  "
"  │                                                                                                                  │  "
"  │                                                                                                                  │  "
"  │                                                                                                                  │  "
"  │                                                                                                                  │  "
"  │                                                                                                                  │  "
"  │                                                                                                                  │  "
"  │                                                                                                                  │  "
"  │                                                                                                                  │  "
"  └──────────────────────────────────────────────────────────────────────────────────────────────────────────────────┘  "
"                                                                                                                        "
"                                                                                                                        "
