---
source: src/ui/state/default/setup_repo.rs
assertion_line: 999
expression: harness.backend()
---
"                                                                                                                        "
"                                                                                                                        "
"  ┌──────────────────────────────────────────────────────────────────────────────────────────────────────────────────┐  "
"  │                                             Repository Setup - Error                                             │  "
"  └──────────────────────────────────────────────────────────────────────────────────────────────────────────────────┘  "
"  ┌Steps─────────────────────────────────────────────────────────────────────────────────────────────────────────────┐  "
"  │                        1 ○ Create Worktree  →  2 ○ Create Branch  →  3 ○ Initialize State                        │  "
"  └──────────────────────────────────────────────────────────────────────────────────────────────────────────────────┘  "
"  ┌Error─────────────────────────────────────────────────────────────────────────────────────────────────────────────┐  "
"  │Setup failed: Failed to fetch repository details from Azure DevOps                                                │  "
"  │                                                                                                                  │  "
"  │Options:                                                                                                          │  "
"  │• Press 'r' to retry                                                                                              │  "
"  │• Press 'Esc' to go back                                                                                          │  "
"  │                                                                                                                  │  "
"  │                                                                                                                  │  "
"  │                                                                                                                  │  "
"  │                                                                                                                  │  "
"  │                                                                                                                  │  "
"  │                                                                                                                  │  "
"  │                                                                                                                  │  "
"  │                                                                                                                  │  "
"  │                                                                                                                  │  "
"  │                                                                                                                  │  "
"  │                                                                                                                  │  "
"  │                                                                                                                  │  "
"  │                                                                                                                  │  "
"  │                                                                                                                  │  "
"  │                                                                                                                  │  "
"  │                                                                                                                  │  "
"  │                                                                                                                  │  "
"  │                                                                                                                  │  "
"  │                                                                                                                  │  "
"  │                                                                                                                  │  "
"  │                                                                                                                  │  "
"  │                                                                                                                  │  "
"  │                                                                                                                  │  "
"  │                                                                                                                  │  "
"  │                                                                                                                  │  "
"  │                                                                                                                  │  "
"  │                                                                                                                  │  "
"  │                                                                                                                  │  "
"  │                                                                                                                  │  "
"  │                                                                                                                  │  "
"  │                                                                                                                  │  "
"  │                                                                                                                  │  "
"  │                                                                                                                  │  "
"  └──────────────────────────────────────────────────────────────────────────────────────────────────────────────────┘  "
"                                                                                                                        "
"                                                                                                                        "
