---
source: src/ui/state/shared/error.rs
expression: harness.backend()
---
"                                                                                "
"                                                                                "
"                                ❌ Error Occurred                               " Hidden by multi-width symbols: [(33, " ")]
"                                                                                "
"                                                                                "
"  ┌──────────────────────────────────────────────────────────────────────────┐  "
"  │Unknown error                                                             │  "
"  │                                                                          │  "
"  │                                                                          │  "
"  │                                                                          │  "
"  │                                                                          │  "
"  │                                                                          │  "
"  │                                                                          │  "
"  │                                                                          │  "
"  │                                                                          │  "
"  │                                                                          │  "
"  │                                                                          │  "
"  │                                                                          │  "
"  │                                                                          │  "
"  │                                                                          │  "
"  │                                                                          │  "
"  │                                                                          │  "
"  │                                                                          │  "
"  │                                                                          │  "
"  └──────────────────────────────────────────────────────────────────────────┘  "
"                                 Press q to exit                                "
"                                                                                "
"                                                                                "
"                                                                                "
"                                                                                "
