---
source: src/ui/state/shared/error.rs
expression: harness.backend()
---
"                                                                                "
"                                                                                "
"                                ❌ Error Occurred                               " Hidden by multi-width symbols: [(33, " ")]
"                                                                                "
"                                                                                "
"  ┌──────────────────────────────────────────────────────────────────────────┐  "
"  │Connection failed: Unable to reach Azure DevOps API                       │  "
"  │                                                                          │  "
"  │                                                                          │  "
"  │                                                                          │  "
"  │                                                                          │  "
"  │                                                                          │  "
"  │                                                                          │  "
"  │                                                                          │  "
"  │                                                                          │  "
"  │                                                                          │  "
"  │                                                                          │  "
"  │                                                                          │  "
"  │                                                                          │  "
"  │                                                                          │  "
"  │                                                                          │  "
"  │                                                                          │  "
"  │                                                                          │  "
"  │                                                                          │  "
"  └──────────────────────────────────────────────────────────────────────────┘  "
"                                Press 'q' to exit                               "
"                                                                                "
"                                                                                "
"                                                                                "
"                                                                                "
