---
source: src/ui/state/migration/data_loading.rs
expression: harness.backend()
---
"┌──────────────────────────────────────────────────────────────────────────────────────────────────────────────────────┐"
"│                                                  Migration Analysis                                                  │"
"└──────────────────────────────────────────────────────────────────────────────────────────────────────────────────────┘"
"┌Progress──────────────────────────────────────────────────────────────────────────────────────────────────────────────┐"
"│                                                         0.0%                                                         │"
"└──────────────────────────────────────────────────────────────────────────────────────────────────────────────────────┘"
"┌Status────────────────────────────────────────────────────────────────────────────────────────────────────────────────┐"
"│Error:                                                                                                                │"
"│Failed to connect to Azure DevOps API                                                                                 │"
"│                                                                                                                      │"
"└──────────────────────────────────────────────────────────────────────────────────────────────────────────────────────┘"
"┌Help──────────────────────────────────────────────────────────────────────────────────────────────────────────────────┐"
"│                                             Press q to quit or r to retry                                            │"
"│                                                                                                                      │"
"│                                                                                                                      │"
"│                                                                                                                      │"
"│                                                                                                                      │"
"│                                                                                                                      │"
"│                                                                                                                      │"
"│                                                                                                                      │"
"│                                                                                                                      │"
"│                                                                                                                      │"
"│                                                                                                                      │"
"│                                                                                                                      │"
"│                                                                                                                      │"
"│                                                                                                                      │"
"│                                                                                                                      │"
"│                                                                                                                      │"
"│                                                                                                                      │"
"│                                                                                                                      │"
"│                                                                                                                      │"
"│                                                                                                                      │"
"│                                                                                                                      │"
"│                                                                                                                      │"
"│                                                                                                                      │"
"│                                                                                                                      │"
"│                                                                                                                      │"
"│                                                                                                                      │"
"│                                                                                                                      │"
"│                                                                                                                      │"
"│                                                                                                                      │"
"│                                                                                                                      │"
"│                                                                                                                      │"
"│                                                                                                                      │"
"│                                                                                                                      │"
"│                                                                                                                      │"
"│                                                                                                                      │"
"│                                                                                                                      │"
"│                                                                                                                      │"
"└──────────────────────────────────────────────────────────────────────────────────────────────────────────────────────┘"
