---
source: src/ui/state/default/release_notes_export.rs
assertion_line: 624
expression: harness.backend()
---
"                                                                                                                        "
"                                                                                                                        "
"                                                 📝 Export Release Notes                                                " Hidden by multi-width symbols: [(50, " ")]
"                                                                                                                        "
"                                                                                                                        "
"  ┌File Path─────────────────────────────────────────────────────────────────────────────────────────────────────────┐  "
"  │/path/to/repo/release_notes_v1.0.0.md                                                                             │  "
"  └──────────────────────────────────────────────────────────────────────────────────────────────────────────────────┘  "
"                                     Default: /path/to/repo/release_notes_v1.0.0.md                                     "
"                                                                                                                        "
"                                                                                                                        "
"  ┌Help──────────────────────────────────────────────────────────────────────────────────────────────────────────────┐  "
"  │                        Enter: Export | Tab: Autocomplete | ←→: Move cursor | Esc: Go back                        │  "
"  │                                                                                                                  │  "
"  │                                                                                                                  │  "
"  │                                                                                                                  │  "
"  │                                                                                                                  │  "
"  │                                                                                                                  │  "
"  │                                                                                                                  │  "
"  │                                                                                                                  │  "
"  │                                                                                                                  │  "
"  │                                                                                                                  │  "
"  │                                                                                                                  │  "
"  │                                                                                                                  │  "
"  │                                                                                                                  │  "
"  │                                                                                                                  │  "
"  │                                                                                                                  │  "
"  │                                                                                                                  │  "
"  │                                                                                                                  │  "
"  │                                                                                                                  │  "
"  │                                                                                                                  │  "
"  │                                                                                                                  │  "
"  │                                                                                                                  │  "
"  │                                                                                                                  │  "
"  │                                                                                                                  │  "
"  │                                                                                                                  │  "
"  │                                                                                                                  │  "
"  │                                                                                                                  │  "
"  │                                                                                                                  │  "
"  │                                                                                                                  │  "
"  │                                                                                                                  │  "
"  │                                                                                                                  │  "
"  │                                                                                                                  │  "
"  │                                                                                                                  │  "
"  │                                                                                                                  │  "
"  │                                                                                                                  │  "
"  │                                                                                                                  │  "
"  └──────────────────────────────────────────────────────────────────────────────────────────────────────────────────┘  "
"                                                                                                                        "
"                                                                                                                        "
