---
source: src/ui/state/default/release_notes_export.rs
expression: harness.backend()
---
"                                                                                                                        "
"                                                                                                                        "
"                                         ✅ Release Notes Exported Successfully                                         " Hidden by multi-width symbols: [(42, " ")]
"                                                                                                                        "
"                                                                                                                        "
"  ┌Export Details────────────────────────────────────────────────────────────────────────────────────────────────────┐  "
"  │                                                                                                                  │  "
"  │                                    File: /path/to/repo/release_notes_v1.0.0.md                                   │  "
"  │                                                                                                                  │  "
"  └──────────────────────────────────────────────────────────────────────────────────────────────────────────────────┘  "
"  ┌Help──────────────────────────────────────────────────────────────────────────────────────────────────────────────┐  "
"  │                                     Enter / Esc: Go back to summary | q: Exit                                    │  "
"  │                                                                                                                  │  "
"  │                                                                                                                  │  "
"  │                                                                                                                  │  "
"  │                                                                                                                  │  "
"  │                                                                                                                  │  "
"  │                                                                                                                  │  "
"  │                                                                                                                  │  "
"  │                                                                                                                  │  "
"  │                                                                                                                  │  "
"  │                                                                                                                  │  "
"  │                                                                                                                  │  "
"  │                                                                                                                  │  "
"  │                                                                                                                  │  "
"  │                                                                                                                  │  "
"  │                                                                                                                  │  "
"  │                                                                                                                  │  "
"  │                                                                                                                  │  "
"  │                                                                                                                  │  "
"  │                                                                                                                  │  "
"  │                                                                                                                  │  "
"  │                                                                                                                  │  "
"  │                                                                                                                  │  "
"  │                                                                                                                  │  "
"  │                                                                                                                  │  "
"  │                                                                                                                  │  "
"  │                                                                                                                  │  "
"  │                                                                                                                  │  "
"  │                                                                                                                  │  "
"  │                                                                                                                  │  "
"  │                                                                                                                  │  "
"  │                                                                                                                  │  "
"  │                                                                                                                  │  "
"  │                                                                                                                  │  "
"  │                                                                                                                  │  "
"  │                                                                                                                  │  "
"  └──────────────────────────────────────────────────────────────────────────────────────────────────────────────────┘  "
"                                                                                                                        "
"                                                                                                                        "
