---
source: src/ui/state/cleanup/data_loading.rs
expression: harness.backend()
---
"┌──────────────────────────────────────────────────────────────────────────────┐"
"│                        Cleanup Mode - Loading Branches                       │"
"└──────────────────────────────────────────────────────────────────────────────┘"
"┌Progress──────────────────────────────────────────────────────────────────────┐"
"│█████████████████████████████████████100% ████████████████████████████████████│"
"└──────────────────────────────────────────────────────────────────────────────┘"
"┌Status────────────────────────────────────────────────────────────────────────┐"
"│Found 5 patch branches.                                                       │"
"│                                                                              │"
"│                                                                              │"
"│                                                                              │"
"│                                                                              │"
"│                                                                              │"
"│                                                                              │"
"│                                                                              │"
"│                                                                              │"
"│                                                                              │"
"│                                                                              │"
"│                                                                              │"
"│                                                                              │"
"│                                                                              │"
"│                                                                              │"
"│                                                                              │"
"│                                                                              │"
"│                                                                              │"
"│                                                                              │"
"└──────────────────────────────────────────────────────────────────────────────┘"
"┌──────────────────────────────────────────────────────────────────────────────┐"
"│                         Loading... Press q to cancel                         │"
"└──────────────────────────────────────────────────────────────────────────────┘"
