---
source: src/ui/state/cleanup/data_loading.rs
expression: harness.backend()
---
"┌──────────────────────────────────────────────────────────────────────────────┐"
"│                        Cleanup Mode - Loading Branches                       │"
"└──────────────────────────────────────────────────────────────────────────────┘"
"┌Progress──────────────────────────────────────────────────────────────────────┐"
"│████████                             10%                                      │"
"└──────────────────────────────────────────────────────────────────────────────┘"
"┌Status────────────────────────────────────────────────────────────────────────┐"
"│Loading patch branches...                                                     │"
"│                                                                              │"
"│                                                                              │"
"│                                                                              │"
"│                                                                              │"
"│                                                                              │"
"│                                                                              │"
"│                                                                              │"
"│                                                                              │"
"│                                                                              │"
"│                                                                              │"
"│                                                                              │"
"│                                                                              │"
"│                                                                              │"
"│                                                                              │"
"│                                                                              │"
"│                                                                              │"
"│                                                                              │"
"│                                                                              │"
"└──────────────────────────────────────────────────────────────────────────────┘"
"┌──────────────────────────────────────────────────────────────────────────────┐"
"│                         Loading... Press q to cancel                         │"
"└──────────────────────────────────────────────────────────────────────────────┘"
