---
source: src/ui/state/cleanup/data_loading.rs
assertion_line: 701
expression: harness.backend()
---
"┌──────────────────────────────────────────────────────────────────────────────────────────────────────────────────────┐"
"│                                            Cleanup Mode - Loading Branches                                           │"
"└──────────────────────────────────────────────────────────────────────────────────────────────────────────────────────┘"
"┌Progress──────────────────────────────────────────────────────────────────────────────────────────────────────────────┐"
"│                                                          0%                                                          │"
"└──────────────────────────────────────────────────────────────────────────────────────────────────────────────────────┘"
"┌Status────────────────────────────────────────────────────────────────────────────────────────────────────────────────┐"
"│Error:                                                                                                                │"
"│                                                                                                                      │"
"│Found 7 branch(es) matching 'patch/*', but none match the expected format 'patch/<target>-<version>'.Branches found:  │"
"│• patch/fix  • patch/hotfix  • patch/release  • patch/urgent  • patch/bugfix  ... and 2 moreCleanup mode only works   │"
"│with branches created by merge mode.                                                                                  │"
"│                                                                                                                      │"
"│                                                                                                                      │"
"│                                                                                                                      │"
"│                                                                                                                      │"
"│                                                                                                                      │"
"│                                                                                                                      │"
"│                                                                                                                      │"
"│                                                                                                                      │"
"│                                                                                                                      │"
"│                                                                                                                      │"
"│                                                                                                                      │"
"│                                                                                                                      │"
"│                                                                                                                      │"
"│                                                                                                                      │"
"│                                                                                                                      │"
"│                                                                                                                      │"
"│                                                                                                                      │"
"│                                                                                                                      │"
"│                                                                                                                      │"
"│                                                                                                                      │"
"│                                                                                                                      │"
"│                                                                                                                      │"
"│                                                                                                                      │"
"│                                                                                                                      │"
"│                                                                                                                      │"
"│                                                                                                                      │"
"│                                                                                                                      │"
"│                                                                                                                      │"
"│                                                                                                                      │"
"│                                                                                                                      │"
"│                                                                                                                      │"
"│                                                                                                                      │"
"│                                                                                                                      │"
"│                                                                                                                      │"
"└──────────────────────────────────────────────────────────────────────────────────────────────────────────────────────┘"
"┌──────────────────────────────────────────────────────────────────────────────────────────────────────────────────────┐"
"│                                                    Press q to exit                                                   │"
"└──────────────────────────────────────────────────────────────────────────────────────────────────────────────────────┘"
