---
source: src/ui/state/cleanup/cleanup_execution.rs
expression: harness.backend()
---
"┌──────────────────────────────────────────────────────────────────────────────┐"
"│                       Cleanup Mode - Deleting Branches                       │"
"└──────────────────────────────────────────────────────────────────────────────┘"
"┌Progress──────────────────────────────────────────────────────────────────────┐"
"│                             Deleted 0/2 branches                             │"
"└──────────────────────────────────────────────────────────────────────────────┘"
"┌Status────────────────────────────────────────────────────────────────────────┐"
"│⏳ patch/main-6.6.2 - Pending                                                 │" Hidden by multi-width symbols: [(2, " ")]
"│⏳ patch/next-6.6.1 - Pending                                                 │" Hidden by multi-width symbols: [(2, " ")]
"│                                                                              │"
"│                                                                              │"
"│                                                                              │"
"│                                                                              │"
"│                                                                              │"
"│                                                                              │"
"│                                                                              │"
"│                                                                              │"
"│                                                                              │"
"│                                                                              │"
"│                                                                              │"
"│                                                                              │"
"│                                                                              │"
"│                                                                              │"
"│                                                                              │"
"│                                                                              │"
"│                                                                              │"
"└──────────────────────────────────────────────────────────────────────────────┘"
"┌──────────────────────────────────────────────────────────────────────────────┐"
"│                       Deleting branches... Please wait                       │"
"└──────────────────────────────────────────────────────────────────────────────┘"
