---
source: src/ui/state/default/post_completion.rs
expression: harness.backend()
---
"                                                                                                                        "
" ┌────────────────────────────────────────────────────────────────────────────────────────────────────────────────────┐ "
" │🏷️  Post-Completion Processing                                                                                      │ " Hidden by multi-width symbols: [(3, " ")]
" └────────────────────────────────────────────────────────────────────────────────────────────────────────────────────┘ "
" ┌Progress────────────────────────────────────────────────────────────────────────────────────────────────────────────┐ "
" │██████████████████████████████████████████████✅ All tasks completed! ██████████████████████████████████████████████│ " Hidden by multi-width symbols: [(49, " ")]
" └────────────────────────────────────────────────────────────────────────────────────────────────────────────────────┘ "
" ┌Tasks───────────────────────────────────────────────────────────────────────────────────────────────────────────────┐ "
" │✅ Tag PR #100: Fix login bug                                                                                       │ " Hidden by multi-width symbols: [(3, " ")]
" │❌ Update WI #1001 to 'Next Merged': Implement user authentication - Error: 403 Forbidden: Insufficient permissions │ " Hidden by multi-width symbols: [(3, " ")]
" │to update work item                                                                                                 │ "
" │✅ Tag PR #101: Update user profile page design                                                                     │ " Hidden by multi-width symbols: [(3, " ")]
" │❌ Update WI #1002 to 'Next Merged': User profile redesign - Error: 403 Forbidden: User does not have write access  │ " Hidden by multi-width symbols: [(3, " ")]
" │to this resource                                                                                                    │ "
" │✅ Tag PR #102: Add analytics tracking                                                                              │ " Hidden by multi-width symbols: [(3, " ")]
" │❌ Update WI #1003 to 'Next Merged': Analytics implementation - Error: 403 Forbidden: Access denied for tag creation│ " Hidden by multi-width symbols: [(3, " ")]
" │✅ Tag PR #103: Database schema changes                                                                             │ " Hidden by multi-width symbols: [(3, " ")]
" │                                                                                                                    │ "
" │                                                                                                                    │ "
" │                                                                                                                    │ "
" │                                                                                                                    │ "
" │                                                                                                                    │ "
" │                                                                                                                    │ "
" │                                                                                                                    │ "
" │                                                                                                                    │ "
" │                                                                                                                    │ "
" │                                                                                                                    │ "
" │                                                                                                                    │ "
" │                                                                                                                    │ "
" │                                                                                                                    │ "
" │                                                                                                                    │ "
" │                                                                                                                    │ "
" │                                                                                                                    │ "
" │                                                                                                                    │ "
" │                                                                                                                    │ "
" │                                                                                                                    │ "
" │                                                                                                                    │ "
" │                                                                                                                    │ "
" │                                                                                                                    │ "
" │                                                                                                                    │ "
" │                                                                                                                    │ "
" │                                                                                                                    │ "
" │                                                                                                                    │ "
" └────────────────────────────────────────────────────────────────────────────────────────────────────────────────────┘ "
" ┌Instructions────────────────────────────────────────────────────────────────────────────────────────────────────────┐ "
" │🎉 All post-completion tasks have been processed!                                                                   │ " Hidden by multi-width symbols: [(3, " ")]
" │                                                                                                                    │ "
" │✅ PRs tagged with 'merged/v1.0.0'                                                                                  │ " Hidden by multi-width symbols: [(3, " ")]
" └────────────────────────────────────────────────────────────────────────────────────────────────────────────────────┘ "
"                                                                                                                        "
