---
source: src/ui/state/default/cherry_pick_continue.rs
expression: harness.backend()
---
"                                                                                "
" ┌────────────────────────────────────────────────────────────────────────────┐ "
" │❌ Cherry-pick Failed                                                       │ " Hidden by multi-width symbols: [(3, " ")]
" └────────────────────────────────────────────────────────────────────────────┘ "
" ┌Git Output───────────────────────────┐┌Commit Details───────────────────────┐ "
" │Running pre-commit hooks...          ││Hash: def456gh                       │ "
" │Checking code formatting... ✓        ││PR #300                              │ "
" │Running clippy...                    ││                                     │ "
" │error: this function has too many    ││Title: Update database schema for    │ "
" │arguments (9/7)                      ││performance                          │ "
" │  --> src/db/schema.rs:42:1          ││                                     │ "
" │   |                                 ││                                     │ "
" │42 | pub fn update_schema(           ││Previously conflicted files:         │ "
" │   | ^^^^^^^^^^^^^^^^^^^^^           ││• src/db/schema.rs                   │ "
" │   |                                 ││• migrations/001_initial.sql         │ "
" │error: could not compile `project`   ││                                     │ "
" │due to previous error                ││                                     │ "
" │                                     ││                                     │ "
" │Pre-commit hook failed. Fix the      ││                                     │ "
" │issues and retry.                    ││                                     │ "
" │                                     ││                                     │ "
" │                                     ││                                     │ "
" │                                     ││                                     │ "
" │                                     ││                                     │ "
" │                                     ││                                     │ "
" └─────────────────────────────────────┘└─────────────────────────────────────┘ "
" ┌Instructions────────────────────────────────────────────────────────────────┐ "
" │r: Retry | a: Abort cherry-pick process                                     │ "
" └────────────────────────────────────────────────────────────────────────────┘ "
"                                                                                "
