---
source: src/ui/state/default/cherry_pick_continue.rs
expression: harness.backend()
---
"                                                                                                                        "
" ┌────────────────────────────────────────────────────────────────────────────────────────────────────────────────────┐ "
" │⏳ Processing Cherry-pick Continue...                                                                               │ " Hidden by multi-width symbols: [(3, " ")]
" └────────────────────────────────────────────────────────────────────────────────────────────────────────────────────┘ "
" ┌Git Output───────────────────────────────────────────────┐┌Commit Details───────────────────────────────────────────┐ "
" │Running pre-commit hooks...                              ││Hash: abc123de                                           │ "
" │Checking code formatting...                              ││PR #100                                                  │ "
" │Running clippy...                                        ││                                                         │ "
" │                                                         ││Title: Fix authentication vulnerability                  │ "
" │                                                         ││                                                         │ "
" │                                                         ││                                                         │ "
" │                                                         ││Previously conflicted files:                             │ "
" │                                                         ││• src/auth/login.rs                                      │ "
" │                                                         ││• src/auth/session.rs                                    │ "
" │                                                         ││                                                         │ "
" │                                                         ││                                                         │ "
" │                                                         ││                                                         │ "
" │                                                         ││                                                         │ "
" │                                                         ││                                                         │ "
" │                                                         ││                                                         │ "
" │                                                         ││                                                         │ "
" │                                                         ││                                                         │ "
" │                                                         ││                                                         │ "
" │                                                         ││                                                         │ "
" │                                                         ││                                                         │ "
" │                                                         ││                                                         │ "
" │                                                         ││                                                         │ "
" │                                                         ││                                                         │ "
" │                                                         ││                                                         │ "
" │                                                         ││                                                         │ "
" │                                                         ││                                                         │ "
" │                                                         ││                                                         │ "
" │                                                         ││                                                         │ "
" │                                                         ││                                                         │ "
" │                                                         ││                                                         │ "
" │                                                         ││                                                         │ "
" │                                                         ││                                                         │ "
" │                                                         ││                                                         │ "
" │                                                         ││                                                         │ "
" │                                                         ││                                                         │ "
" │                                                         ││                                                         │ "
" │                                                         ││                                                         │ "
" │                                                         ││                                                         │ "
" │                                                         ││                                                         │ "
" │                                                         ││                                                         │ "
" └─────────────────────────────────────────────────────────┘└─────────────────────────────────────────────────────────┘ "
" ┌Instructions────────────────────────────────────────────────────────────────────────────────────────────────────────┐ "
" │Processing... Please wait (pre-commit hooks may take time)                                                          │ "
" └────────────────────────────────────────────────────────────────────────────────────────────────────────────────────┘ "
"                                                                                                                        "
