---
source: src/ui/state/default/cherry_pick_continue.rs
expression: harness.backend()
---
"                                                                                                                        "
" ┌────────────────────────────────────────────────────────────────────────────────────────────────────────────────────┐ "
" │✅ Cherry-pick Completed Successfully                                                                               │ " Hidden by multi-width symbols: [(3, " ")]
" └────────────────────────────────────────────────────────────────────────────────────────────────────────────────────┘ "
" ┌Git Output───────────────────────────────────────────────┐┌Commit Details───────────────────────────────────────────┐ "
" │Running pre-commit hooks...                              ││Hash: abc123de                                           │ "
" │Checking code formatting... ✓                            ││PR #200                                                  │ "
" │Running clippy... ✓                                      ││                                                         │ "
" │Running tests... ✓                                       ││Title: Add new feature for user management               │ "
" │[main abc1234] Add new feature for user management       ││                                                         │ "
" │ 1 file changed, 45 insertions(+), 12 deletions(-)       ││                                                         │ "
" │                                                         ││Previously conflicted files:                             │ "
" │                                                         ││• src/users/manager.rs                                   │ "
" │                                                         ││                                                         │ "
" │                                                         ││                                                         │ "
" │                                                         ││                                                         │ "
" │                                                         ││                                                         │ "
" │                                                         ││                                                         │ "
" │                                                         ││                                                         │ "
" │                                                         ││                                                         │ "
" │                                                         ││                                                         │ "
" │                                                         ││                                                         │ "
" │                                                         ││                                                         │ "
" │                                                         ││                                                         │ "
" │                                                         ││                                                         │ "
" │                                                         ││                                                         │ "
" │                                                         ││                                                         │ "
" │                                                         ││                                                         │ "
" │                                                         ││                                                         │ "
" │                                                         ││                                                         │ "
" │                                                         ││                                                         │ "
" │                                                         ││                                                         │ "
" │                                                         ││                                                         │ "
" │                                                         ││                                                         │ "
" │                                                         ││                                                         │ "
" │                                                         ││                                                         │ "
" │                                                         ││                                                         │ "
" │                                                         ││                                                         │ "
" │                                                         ││                                                         │ "
" │                                                         ││                                                         │ "
" │                                                         ││                                                         │ "
" │                                                         ││                                                         │ "
" │                                                         ││                                                         │ "
" │                                                         ││                                                         │ "
" │                                                         ││                                                         │ "
" └─────────────────────────────────────────────────────────┘└─────────────────────────────────────────────────────────┘ "
" ┌Instructions────────────────────────────────────────────────────────────────────────────────────────────────────────┐ "
" │Press any key to continue to next commit                                                                            │ "
" └────────────────────────────────────────────────────────────────────────────────────────────────────────────────────┘ "
"                                                                                                                        "
