---
source: src/ui/state/default/completion.rs
expression: harness.backend()
---
"                                                                                "
" ┌────────────────────────────────────────────────────────────────────────────┐ "
" │🏁 Cherry-pick Process Completed!                                           │ " Hidden by multi-width symbols: [(3, " ")]
" └────────────────────────────────────────────────────────────────────────────┘ "
" ┌Cherry-pick Results──────────────────────────────┐┌Summary & Info───────────┐ "
" │✅ PR #100: Fix login bug                        ││Summary                  │ " Hidden by multi-width symbols: [(3, " ")]
" │⏭ PR #101: Update user profile page design       ││                         │ "
" │✅ PR #102: Add analytics tracking               ││✅ Successful: 2         │ " Hidden by multi-width symbols: [(3, " "), (54, " ")]
" │⏭ PR #103: Database schema changes               ││❌ Failed: 0             │ " Hidden by multi-width symbols: [(54, " ")]
" │                                                 ││                         │ "
" │                                                 ││─────────────────────    │ "
" │                                                 ││                         │ "
" │                                                 ││Branch Info              │ "
" │                                                 ││                         │ "
" │                                                 ││Branch: patch/main-v1.0.0│ "
" │                                                 ││Location: /path/to/repo  │ "
" │                                                 ││                         │ "
" │                                                 ││─────────────────────    │ "
" │                                                 ││                         │ "
" │                                                 ││Actions                  │ "
" │                                                 ││                         │ "
" │                                                 ││↑/↓ Navigate             │ "
" │                                                 ││'p' Open PR in browser   │ "
" │                                                 ││'w' Open work items      │ "
" │                                                 ││'t' Tag PRs & update work│ "
" │                                                 ││items to 'Next Merged'   │ "
" │                                                 ││'q' Exit                 │ "
" │                                                 ││                         │ "
" └─────────────────────────────────────────────────┘└─────────────────────────┘ "
"                                                                                "
