---
source: src/ui/state/default/pr_selection.rs
assertion_line: 3726
expression: harness.backend()
---
"                                                                                "
" ┌Pull Requests───────────────────────────────────────────────────────────────┐ "
" │    ┌Dependencies for PR #100 - Fix login bug──────────────────────────┐denc↑ "
" │→   │Dependency graph not available                                    │    █ "
" │    │(Requires local_repo to be configured)                            │    █ "
" │    │                                                                  │    █ "
" │    │                                                                  │    █ "
" │    │                                                                  │    █ "
" │    │                                                                  │    █ "
" │    │                                                                  │    █ "
" │    │                                                                  │    █ "
" │    │                                                                  │    █ "
" │    │                                                                  │    ║ "
" │    │                                                                  │    ↓ "
" └────│                                                                  │────┘ "
" ┌Work│                                                                  │────┐ "
" │Bug │                                                                  │    │ "
" │● Cl│                                                                  │n   │ "
" └────│                                                                  │────┘ "
" ┌Hist│                                                                  │────┐ "
" │No h│                                                                  │    │ "
" └────│                                                                  │────┘ "
" ┌Repr│                                                                  │────┐ "
" │1. N│                                                                  │    │ "
" │2. C│                                                                  │    │ "
" └────│Direct: Cyan | Transitive: Gray  •  [F]: Overlapping lines | [P]: │────┘ "
" ┌Help└───────────────Press Esc/g/q to close, ↑/↓ to scroll──────────────┘────┐ "
" │↑/↓: Navigate PRs | ←/→: Navigate Work Items | /: Search | Space: Toggle | E│ "
" └────────────────────────────────────────────────────────────────────────────┘ "
"                                                                                "
