---
source: src/ui/state/default/pr_selection.rs
expression: harness.backend()
---
"                                                                                                                        "
" ┌Pull Requests───────────────────────────────────────────────────────────────────────────────────────────────────────┐ "
" │      PR #     Date         Title                         Author            Work Items             PR Dependenc     ↑ "
" │→     100      2024-01-10   Fix login bug                 Alice Johnson     #1001 (Closed)                          █ "
" │      101      2024-01-12   Update user profile page desi Bob Wilson        #1002 (Active)                          █ "
" │      102      2024-01-14   Add analytics tracking        Carol Martinez    #1003 (Resolved), #100                  █ "
" │                                                                                                                    █ "
" │        ┌Dependencies for PR #100 - Fix login bug──────────────────────────────────────────────────────────┐        █ "
" │        │Dependency graph not available                                                                    │        █ "
" │        │(Requires local_repo to be configured)                                                            │        █ "
" │        │                                                                                                  │        █ "
" │        │                                                                                                  │        █ "
" │        │                                                                                                  │        █ "
" │        │                                                                                                  │        █ "
" │        │                                                                                                  │        █ "
" │        │                                                                                                  │        █ "
" │        │                                                                                                  │        █ "
" │        │                                                                                                  │        █ "
" │        │                                                                                                  │        █ "
" │        │                                                                                                  │        █ "
" │        │                                                                                                  │        █ "
" │        │                                                                                                  │        ║ "
" │        │                                                                                                  │        ║ "
" │        │                                                                                                  │        ↓ "
" └────────│                                                                                                  │────────┘ "
" ┌Work Ite│                                                                                                  │────────┐ "
" │Bug     │                                                                                                  │        │ "
" │● Closed│                                                                                                  │        │ "
" └────────│                                                                                                  │────────┘ "
" ┌History─│                                                                                                  │────────┐ "
" │No histo│                                                                                                  │        │ "
" └────────│                                                                                                  │────────┘ "
" ┌Reproduc│                                                                                                  │────────┐ "
" │1. Navig│                                                                                                  │        │ "
" │2. Click│                                                                                                  │        │ "
" │3. Nothi│                                                                                                  │        │ "
" │        │                                                                                                  │        │ "
" │        │                                                                                                  │        │ "
" │        │                                                                                                  │        │ "
" │        │                                                                                                  │        │ "
" │        │   Direct: Cyan | Transitive: Gray  •  [F]: Overlapping lines | [P]: Same files, different lines  │        │ "
" │        └───────────────────────────────Press Esc/g/q to close, ↑/↓ to scroll──────────────────────────────┘        │ "
" │                                                                                                                    │ "
" │                                                                                                                    │ "
" │                                                                                                                    │ "
" └────────────────────────────────────────────────────────────────────────────────────────────────────────────────────┘ "
" ┌Help────────────────────────────────────────────────────────────────────────────────────────────────────────────────┐ "
" │↑/↓: Navigate | Space: Toggle | i: Select+Related | I: All Related | /: Search | g: Graph | s: Multi-select | Enter:│ "
" └────────────────────────────────────────────────────────────────────────────────────────────────────────────────────┘ "
"                                                                                                                        "
