---
source: src/ui/state/default/pr_selection.rs
expression: harness.backend()
---
"                                                                                "
" ┌Pull Requests───────────────────────────────────────────────────────────────┐ "
" │      PR #     Date         Title           Author          Work Items      │ "
" │      1015     2024-01-15   Pull Request #1 Developer 5     #5015 (New)     │ "
" │      1016     2024-01-15   Pull Request #1 Developer 6                     │ "
" │      1017     2024-01-15   Pull Request #1 Developer 7                     │ "
" │      1018     2024-01-15   Pull Request #1 Developer 8     #5018 (Closed)  │ "
" │      1019     2024-01-15   Pull Request #1 Developer 9                     │ "
" │  ✓   1020     2024-01-15   Pull Request #1 Developer 0                     │ "
" │  ✓   1021     2024-01-15   Pull Request #1 Developer 1     #5021 (Resolved)│ "
" │  ✓   1022     2024-01-15   Pull Request #1 Developer 2                     │ "
" │  ✓   1023     2024-01-15   Pull Request #1 Developer 3                     │ "
" │  ✓   1024     2024-01-15   Pull Request #1 Developer 4     #5024 (Active)  │ "
" │→ ✓   1025     2024-01-15   Pull Request #1 Developer 5                     │ "
" └────────────────────────────────────────────────────────────────────────────┘ "
" ┌Work Item Details───────────────────────────────────────────────────────────┐ "
" │              No work items associated with this pull request.              │ "
" │                                                                            │ "
" │                                                                            │ "
" │                                                                            │ "
" │                                                                            │ "
" │                                                                            │ "
" │                                                                            │ "
" │                                                                            │ "
" │                                                                            │ "
" └────────────────────────────────────────────────────────────────────────────┘ "
" ┌Help────────────────────────────────────────────────────────────────────────┐ "
" │↑/↓: Navigate PRs | ←/→: Navigate Work Items | /: Search | Space: Toggle | E│ "
" └────────────────────────────────────────────────────────────────────────────┘ "
"                                                                                "
