---
source: src/ui/state/default/pr_selection.rs
expression: harness.backend()
---
"                                                                                "
" ┌Pull Requests───────────────────────────────────────────────────────────────┐ "
" │      PR #     Date         Title           Author          Work Items      ↑ "
" │→     100      2024-01-10   Fix login bug   Alice Johnson   #1001 (Closed)  █ "
" │      101      2024-01-12   Update user pro Bob Wilson      #1002 (Active)  █ "
" │      102      2024-01-14   Add analytics t Carol Martinez  #1003 (Resolved)█ "
" │                                                                            █ "
" │                                                                            █ "
" │                                                                            █ "
" │                                                                            █ "
" │                        ┌──────────────────────────┐                        █ "
" │                        │Search Pull Requests and W│                        █ "
" │                        └──────────────────────────┘                        ║ "
" │                        ┌Query─────────────────────┐                        ↓ "
" └────────────────────────│login                     │────────────────────────┘ "
" ┌Work Item (1/1)─────────└──────────────────────────┘────────────────────────┐ "
" │Bug         #1001   LogiEnter search query and press                        │ "
" │● Closed          | Iter                            signed: Alice Johnson   │ "
" └────────────────────────!123: PR ID | #456: Work Ite────────────────────────┘ "
" ┌History─────────────────                            ────────────────────────┐ "
" │No history available                                                        │ "
" └────────────────────────────────────────────────────────────────────────────┘ "
" ┌Reproduction Steps (use ←/→ to navigate work items)─────────────────────────┐ "
" │1. Navigate to login page                                                   │ "
" │2. Click login button                                                       │ "
" └────────────────────────────────────────────────────────────────────────────┘ "
" ┌Help────────────────────────────────────────────────────────────────────────┐ "
" │↑/↓: Navigate PRs | ←/→: Navigate Work Items | /: Search | Space: Toggle | E│ "
" └────────────────────────────────────────────────────────────────────────────┘ "
"                                                                                "
