---
source: src/ui/state/default/pr_selection.rs
assertion_line: 2876
expression: harness.backend()
---
"                                                                                "
" ┌Pull Requests───────────────────────────────────────────────────────────────┐ "
" │      PR #     Date         Title        Author      Deps  Work Items       ↑ "
" │→     100      2024-01-10   Fix login bu Alice Johns 0/0   #1001 (Closed)   █ "
" │      101      2024-01-12   Update user  Bob Wilson  0/0   #1002 (Active)   █ "
" │      102      2024-01-14   Add analytic Carol Marti 0/0   #1003 (Resolved),█ "
" │                                                                            █ "
" │                                                                            █ "
" │                                                                            █ "
" │                                                                            █ "
" │                        ┌──────────────────────────┐                        █ "
" │                        │Search Pull Requests and W│                        █ "
" │                        └──────────────────────────┘                        ║ "
" │                        ┌Query─────────────────────┐                        ↓ "
" └────────────────────────│!abc                      │────────────────────────┘ "
" ┌Work Item (1/1)─────────└──────────────────────────┘────────────────────────┐ "
" │Bug         #1001   Logi    Invalid PR ID format                            │ "
" │● Closed          | Iter                            signed: Alice Johnson   │ "
" └────────────────────────!123: PR ID | #456: Work Ite────────────────────────┘ "
" ┌History─────────────────                            ────────────────────────┐ "
" │No history available                                                        │ "
" └────────────────────────────────────────────────────────────────────────────┘ "
" ┌Reproduction Steps (use ←/→ to navigate work items)─────────────────────────┐ "
" │1. Navigate to login page                                                   │ "
" │2. Click login button                                                       │ "
" └────────────────────────────────────────────────────────────────────────────┘ "
" ┌Help────────────────────────────────────────────────────────────────────────┐ "
" │↑/↓: Navigate PRs | ←/→: Navigate Work Items | /: Search | Space: Toggle | E│ "
" └────────────────────────────────────────────────────────────────────────────┘ "
"                                                                                "
