---
source: src/ui/state/default/pr_selection.rs
expression: harness.backend()
---
"                                                                                                                        "
" ┌Pull Requests───────────────────────────────────────────────────────────────────────────────────────────────────────┐ "
" │      PR #     Date         Title                         Author            Work Items             PR Dependenc     ↑ "
" │→     100      2024-01-10   Fix login bug                 Alice Johnson     #1001 (Closed)                          █ "
" │      101      2024-01-12   Update user profile page desi Bob Wilson        #1002 (Active)                          █ "
" │      102      2024-01-14   Add analytics tracking        Carol Martinez    #1003 (Resolved), #100                  █ "
" │                                                                                                                    █ "
" │                                                                                                                    █ "
" │                                                                                                                    █ "
" │                                                                                                                    █ "
" │                                                                                                                    █ "
" │                                                                                                                    █ "
" │                            ┌──────────────────────────────────────────────────────────┐                            █ "
" │                            │           Select Work Item States (2 selected)           │                            █ "
" │                            └──────────────────────────────────────────────────────────┘                            █ "
" │                            ┌States────────────────────────────────────────────────────┐                            █ "
" │                            │☐ Active                                                  │                            █ "
" │                            │✓ Resolved                                                │                            █ "
" │                            │✓ Closed                                                  │                            █ "
" │                            │☐ New                                                     │                            █ "
" │                            │☐ Removed                                                 │                            █ "
" │                            │                                                          │                            ║ "
" │                            │                                                          │                            ║ "
" │                            │                                                          │                            ↓ "
" └────────────────────────────│                                                          │────────────────────────────┘ "
" ┌Work Item (1/1)─────────────│                                                          │────────────────────────────┐ "
" │Bug         #1001   Login bu│                                                          │                            │ "
" │● Closed          | Iteratio│                                                          │                            │ "
" └────────────────────────────│                                                          │────────────────────────────┘ "
" ┌History─────────────────────│                                                          │────────────────────────────┐ "
" │No history available        │                                                          │                            │ "
" └────────────────────────────│                                                          │────────────────────────────┘ "
" ┌Reproduction Steps (use ←/→ │                                                          │────────────────────────────┐ "
" │1. Navigate to login page   └──────────────────────────────────────────────────────────┘                            │ "
" │2. Click login button       ┌Help──────────────────────────────────────────────────────┐                            │ "
" │3. Nothing happens          │ ↑/↓: Navigate | Space: Toggle state | Enter: Apply filter│                            │ "
" │                            │   c: Clear & apply | a: Select all states | Esc: Cancel  │                            │ "
" │                            └──────────────────────────────────────────────────────────┘                            │ "
" │                                                                                                                    │ "
" │                                                                                                                    │ "
" │                                                                                                                    │ "
" │                                                                                                                    │ "
" │                                                                                                                    │ "
" │                                                                                                                    │ "
" │                                                                                                                    │ "
" └────────────────────────────────────────────────────────────────────────────────────────────────────────────────────┘ "
" ┌Help────────────────────────────────────────────────────────────────────────────────────────────────────────────────┐ "
" │↑/↓: Navigate | Space: Toggle | i: Select+Related | I: All Related | /: Search | g: Graph | s: Multi-select | ,:    │ "
" └────────────────────────────────────────────────────────────────────────────────────────────────────────────────────┘ "
"                                                                                                                        "
